Last login: Sat Aug 26 17:31:53 on console
Amys-MacBook-Pro:~ Pickles$ ssh-keygen -t rsa -C "djohnson3535@gmail.com"
Generating public/private rsa key pair.
Enter file in which to save the key (/Users/Pickles/.ssh/id_rsa): 
Created directory '/Users/Pickles/.ssh'.
Enter passphrase (empty for no passphrase): 
Enter same passphrase again: 
Your identification has been saved in /Users/Pickles/.ssh/id_rsa.
Your public key has been saved in /Users/Pickles/.ssh/id_rsa.pub.
The key fingerprint is:
SHA256:PHhlzWAUlV9W5YeTuy/FSG2r3GwatJ3XFxcDv+6qkJo djohnson3535@gmail.com
The key's randomart image is:
+---[RSA 2048]----+
|         .=o.o  =|
|         . +. o+o|
|          o o.+Bo|
|       o o    ooB|
|      . S    o.*o|
|       . .. . =oB|
|         o  .o==+|
|        o .  o+=o|
|       E   ..o+o.|
+----[SHA256]-----+
Amys-MacBook-Pro:~ Pickles$ cat ~/.ssh/id_rsa.pub
ssh-rsa AAAAB3NzaC1yc2EAAAADAQABAAABAQDIvohfJ90B1hVt/crzwurh8yi7vJm8rfoognhiQRsE6yBv3jndFzVmMMbbKYaF0Dxt/+iwczZlZQ/yQzV46fwopm5jGOpJOr7pvqjtAaxvdm5esJiIYn8U8ER75iJDoos9gyAzCyuky1NavLis0tdPtwmOnAELoTcNbeumNWFNHuQZ5IxiLOQNo4hmxBZyx1V0NRydjujuAmYHsO8seJju8W0HjpiU6/1uImPWPt7GChWFGq5+TG2zzH+kzu2/p6BdA9xPXmksIZDseU5p7iBG3F5UCrpg1RijMGfThqOfk2fV0KPTrfc5mS9t2uuo6cdiSdFml+vm1v4SIq4k8kS5 djohnson3535@gmail.com
Amys-MacBook-Pro:~ Pickles$ ls
Applications		Downloads		Music
Creative Cloud Files	Dropbox			Pictures
Desktop			Library			Public
Documents		Movies
Amys-MacBook-Pro:~ Pickles$ cd Documents
Amys-MacBook-Pro:Documents Pickles$ mkdir bootcamp2
mkdir: bootcamp2: File exists
Amys-MacBook-Pro:Documents Pickles$ cd bootcamp2
Amys-MacBook-Pro:bootcamp2 Pickles$ git init
xcode-select: note: no developer tools were found at '/Applications/Xcode.app', requesting install. Choose an option in the dialog to download the command line developer tools.
Amys-MacBook-Pro:bootcamp2 Pickles$ git remote add origin git@github.com:DJTrog/bootcamp2.git
fatal: Not a git repository (or any of the parent directories): .git
Amys-MacBook-Pro:bootcamp2 Pickles$ git remote add origin git@github.com:DJTrog/bootcamp2.git
fatal: Not a git repository (or any of the parent directories): .git
Amys-MacBook-Pro:bootcamp2 Pickles$ git status
fatal: Not a git repository (or any of the parent directories): .git
Amys-MacBook-Pro:bootcamp2 Pickles$ git
usage: git [--version] [--help] [-C <path>] [-c name=value]
           [--exec-path[=<path>]] [--html-path] [--man-path] [--info-path]
           [-p | --paginate | --no-pager] [--no-replace-objects] [--bare]
           [--git-dir=<path>] [--work-tree=<path>] [--namespace=<name>]
           <command> [<args>]

These are common Git commands used in various situations:

start a working area (see also: git help tutorial)
   clone      Clone a repository into a new directory
   init       Create an empty Git repository or reinitialize an existing one

work on the current change (see also: git help everyday)
   add        Add file contents to the index
   mv         Move or rename a file, a directory, or a symlink
   reset      Reset current HEAD to the specified state
   rm         Remove files from the working tree and from the index

examine the history and state (see also: git help revisions)
   bisect     Use binary search to find the commit that introduced a bug
   grep       Print lines matching a pattern
   log        Show commit logs
   show       Show various types of objects
   status     Show the working tree status

grow, mark and tweak your common history
   branch     List, create, or delete branches
   checkout   Switch branches or restore working tree files
   commit     Record changes to the repository
   diff       Show changes between commits, commit and working tree, etc
   merge      Join two or more development histories together
   rebase     Reapply commits on top of another base tip
   tag        Create, list, delete or verify a tag object signed with GPG

collaborate (see also: git help workflows)
   fetch      Download objects and refs from another repository
   pull       Fetch from and integrate with another repository or a local branch
   push       Update remote refs along with associated objects

'git help -a' and 'git help -g' list available subcommands and some
concept guides. See 'git help <command>' or 'git help <concept>'
to read about a specific subcommand or concept.
Amys-MacBook-Pro:bootcamp2 Pickles$ git init
Initialized empty Git repository in /Users/Pickles/Documents/bootcamp2/.git/
Amys-MacBook-Pro:bootcamp2 Pickles$ git remote add origin git@github.com:DJTrog/bootcamp2.git
Amys-MacBook-Pro:bootcamp2 Pickles$ git status
On branch master

Initial commit

nothing to commit (create/copy files and use "git add" to track)
Amys-MacBook-Pro:bootcamp2 Pickles$ git add
Nothing specified, nothing added.
Maybe you wanted to say 'git add .'?
Amys-MacBook-Pro:bootcamp2 Pickles$ git add .
Amys-MacBook-Pro:bootcamp2 Pickles$ git status
On branch master

Initial commit

Untracked files:
  (use "git add <file>..." to include in what will be committed)

	whatever.html

nothing added to commit but untracked files present (use "git add" to track)
Amys-MacBook-Pro:bootcamp2 Pickles$ git push origin master
error: src refspec master does not match any.
error: failed to push some refs to 'git@github.com:DJTrog/bootcamp2.git'
Amys-MacBook-Pro:bootcamp2 Pickles$ git config --global user.email "djohnson3535@gmail.com"
Amys-MacBook-Pro:bootcamp2 Pickles$ git commit -m first commit
error: pathspec 'commit' did not match any file(s) known to git.
Amys-MacBook-Pro:bootcamp2 Pickles$ git commit -m "first commit"
On branch master

Initial commit

Untracked files:
	whatever.html

nothing added to commit but untracked files present
Amys-MacBook-Pro:bootcamp2 Pickles$ git remote -v
origin	git@github.com:DJTrog/bootcamp2.git (fetch)
origin	git@github.com:DJTrog/bootcamp2.git (push)
Amys-MacBook-Pro:bootcamp2 Pickles$ git add .
Amys-MacBook-Pro:bootcamp2 Pickles$ git status
On branch master

Initial commit

Changes to be committed:
  (use "git rm --cached <file>..." to unstage)

	new file:   index.html
	new file:   styles.css

Amys-MacBook-Pro:bootcamp2 Pickles$ git commit -m "initial commit"
[master (root-commit) 9737336] initial commit
 2 files changed, 116 insertions(+)
 create mode 100644 index.html
 create mode 100644 styles.css
Amys-MacBook-Pro:bootcamp2 Pickles$ git push origin master
The authenticity of host 'github.com (192.30.255.112)' can't be established.
RSA key fingerprint is SHA256:nThbg6kXUpJWGl7E1IGOCspRomTxdCARLviKw6E5SY8.
Are you sure you want to continue connecting (yes/no)? yes
Warning: Permanently added 'github.com,192.30.255.112' (RSA) to the list of known hosts.
Counting objects: 4, done.
Delta compression using up to 8 threads.
Compressing objects: 100% (4/4), done.
Writing objects: 100% (4/4), 1.72 KiB | 0 bytes/s, done.
Total 4 (delta 0), reused 0 (delta 0)
To github.com:DJTrog/bootcamp2.git
 * [new branch]      master -> master
Amys-MacBook-Pro:bootcamp2 Pickles$ git status
On branch master
Changes not staged for commit:
  (use "git add <file>..." to update what will be committed)
  (use "git checkout -- <file>..." to discard changes in working directory)

	modified:   index.html
	modified:   styles.css

Untracked files:
  (use "git add <file>..." to include in what will be committed)

	images/

no changes added to commit (use "git add" and/or "git commit -a")
Amys-MacBook-Pro:bootcamp2 Pickles$ git add .
Amys-MacBook-Pro:bootcamp2 Pickles$ git commit -m "all changes 9_27"
[master 1149c9e] all changes 9_27
 5 files changed, 176 insertions(+), 45 deletions(-)
 create mode 100644 images/Focusrite_Console_02.jpg
 create mode 100644 images/midi.png
 create mode 100644 images/monitors.png
 rewrite styles.css (96%)
Amys-MacBook-Pro:bootcamp2 Pickles$ git push origin master
Warning: Permanently added the RSA host key for IP address '192.30.253.112' to the list of known hosts.
Counting objects: 8, done.
Delta compression using up to 8 threads.
Compressing objects: 100% (8/8), done.
Writing objects: 100% (8/8), 5.38 MiB | 195.00 KiB/s, done.
Total 8 (delta 1), reused 0 (delta 0)
remote: Resolving deltas: 100% (1/1), completed with 1 local object.
To github.com:DJTrog/bootcamp2.git
   9737336..1149c9e  master -> master
Amys-MacBook-Pro:bootcamp2 Pickles$ git branch dev
Amys-MacBook-Pro:bootcamp2 Pickles$ pwd
/Users/Pickles/Documents/bootcamp2
Amys-MacBook-Pro:bootcamp2 Pickles$ ls
fonts		images		index.html	styles.css
Amys-MacBook-Pro:bootcamp2 Pickles$ git branch -a
  dev
* master
  remotes/origin/master
Amys-MacBook-Pro:bootcamp2 Pickles$ git checkout dev
M	styles.css
Switched to branch 'dev'
Amys-MacBook-Pro:bootcamp2 Pickles$ git add .
Amys-MacBook-Pro:bootcamp2 Pickles$ git status
On branch dev
Changes to be committed:
  (use "git reset HEAD <file>..." to unstage)

	modified:   styles.css

Amys-MacBook-Pro:bootcamp2 Pickles$ git commit -m "first commit to the dev branch"
[dev 05cc830] first commit to the dev branch
 1 file changed, 3 deletions(-)
Amys-MacBook-Pro:bootcamp2 Pickles$ git push origin master
Everything up-to-date
Amys-MacBook-Pro:bootcamp2 Pickles$ git push origin dev
Counting objects: 3, done.
Delta compression using up to 8 threads.
Compressing objects: 100% (3/3), done.
Writing objects: 100% (3/3), 291 bytes | 0 bytes/s, done.
Total 3 (delta 2), reused 0 (delta 0)
remote: Resolving deltas: 100% (2/2), completed with 2 local objects.
To github.com:DJTrog/bootcamp2.git
 * [new branch]      dev -> dev
Amys-MacBook-Pro:bootcamp2 Pickles$ git checkout master
Switched to branch 'master'
Amys-MacBook-Pro:bootcamp2 Pickles$ git merge dev
Updating 1149c9e..05cc830
Fast-forward
 styles.css | 3 ---
 1 file changed, 3 deletions(-)
Amys-MacBook-Pro:bootcamp2 Pickles$ cd ..
Amys-MacBook-Pro:Documents Pickles$ cd Portfolio
Amys-MacBook-Pro:Portfolio Pickles$ git init
Initialized empty Git repository in /Users/Pickles/Documents/Portfolio/.git/
Amys-MacBook-Pro:Portfolio Pickles$ git remote add origin git@github.com:DJTrog/Portfolio.git
Amys-MacBook-Pro:Portfolio Pickles$ git status
On branch master

Initial commit

Untracked files:
  (use "git add <file>..." to include in what will be committed)

	images/
	index.html
	styles/

nothing added to commit but untracked files present (use "git add" to track)
Amys-MacBook-Pro:Portfolio Pickles$ 
Amys-MacBook-Pro:Portfolio Pickles$ git add .
Amys-MacBook-Pro:Portfolio Pickles$ git commit -m "initial commit to Portfolio"
[master (root-commit) 188dc8a] initial commit to Portfolio
 4 files changed, 617 insertions(+)
 create mode 100644 images/console.jpg
 create mode 100644 index.html
 create mode 100644 styles/normalize.css
 create mode 100644 styles/styles.css
Amys-MacBook-Pro:Portfolio Pickles$ git push origin master
To github.com:DJTrog/Portfolio.git
 ! [rejected]        master -> master (fetch first)
error: failed to push some refs to 'git@github.com:DJTrog/Portfolio.git'
hint: Updates were rejected because the remote contains work that you do
hint: not have locally. This is usually caused by another repository pushing
hint: to the same ref. You may want to first integrate the remote changes
hint: (e.g., 'git pull ...') before pushing again.
hint: See the 'Note about fast-forwards' in 'git push --help' for details.
Amys-MacBook-Pro:Portfolio Pickles$ git pull origin master
warning: no common commits
remote: Counting objects: 3, done.
remote: Total 3 (delta 0), reused 0 (delta 0), pack-reused 0
Unpacking objects: 100% (3/3), done.
From github.com:DJTrog/Portfolio
 * branch            master     -> FETCH_HEAD
 * [new branch]      master     -> origin/master
fatal: refusing to merge unrelated histories
Amys-MacBook-Pro:Portfolio Pickles$ git branch -a
* master
  remotes/origin/master
Amys-MacBook-Pro:Portfolio Pickles$ git push -f origin master
Counting objects: 8, done.
Delta compression using up to 8 threads.
Compressing objects: 100% (7/7), done.
Writing objects: 100% (8/8), 5.18 MiB | 2.85 MiB/s, done.
Total 8 (delta 0), reused 0 (delta 0)
To github.com:DJTrog/Portfolio.git
 + b01c54a...188dc8a master -> master (forced update)
Amys-MacBook-Pro:Portfolio Pickles$ git status
On branch master
Untracked files:
  (use "git add <file>..." to include in what will be committed)

	README.MD

nothing added to commit but untracked files present (use "git add" to track)
Amys-MacBook-Pro:Portfolio Pickles$ git add .
Amys-MacBook-Pro:Portfolio Pickles$ git commit -m "added readme file"
[master 656ae32] added readme file
 1 file changed, 1 insertion(+)
 create mode 100644 README.MD
Amys-MacBook-Pro:Portfolio Pickles$ git push origin master
Warning: Permanently added the RSA host key for IP address '192.30.255.113' to the list of known hosts.
Counting objects: 3, done.
Delta compression using up to 8 threads.
Compressing objects: 100% (2/2), done.
Writing objects: 100% (3/3), 371 bytes | 0 bytes/s, done.
Total 3 (delta 0), reused 0 (delta 0)
To github.com:DJTrog/Portfolio.git
   188dc8a..656ae32  master -> master
Amys-MacBook-Pro:Portfolio Pickles$ git add .
Amys-MacBook-Pro:Portfolio Pickles$ git commit -m "end of class commit"
[master 9ae2464] end of class commit
 2 files changed, 41 insertions(+), 19 deletions(-)
Amys-MacBook-Pro:Portfolio Pickles$ 
  [Restored Oct 5, 2017, 10:39:00 PM]
Last login: Thu Oct  5 22:38:58 on console
Amys-MBP:Portfolio Pickles$ git checkout
M	README.MD
M	index.html
M	styles/styles.css
Amys-MBP:Portfolio Pickles$ git status
On branch master
Changes not staged for commit:
  (use "git add <file>..." to update what will be committed)
  (use "git checkout -- <file>..." to discard changes in working directory)

	modified:   README.MD
	modified:   index.html
	modified:   styles/styles.css

no changes added to commit (use "git add" and/or "git commit -a")
Amys-MBP:Portfolio Pickles$ git add .
Amys-MBP:Portfolio Pickles$ git commit -m "changes 10/9"
[master 47d5238] changes 10/9
 3 files changed, 77 insertions(+), 29 deletions(-)
Amys-MBP:Portfolio Pickles$ git push origin master
Counting objects: 11, done.
Delta compression using up to 8 threads.
Compressing objects: 100% (11/11), done.
Writing objects: 100% (11/11), 2.17 KiB | 0 bytes/s, done.
Total 11 (delta 4), reused 0 (delta 0)
remote: Resolving deltas: 100% (4/4), completed with 2 local objects.
To github.com:DJTrog/Portfolio.git
   656ae32..47d5238  master -> master
Amys-MBP:Portfolio Pickles$ git add .
Amys-MBP:Portfolio Pickles$ git commit -m "more changes 10/9"
[master 4463c77] more changes 10/9
 7 files changed, 69 insertions(+), 43 deletions(-)
 create mode 100644 images/bootstrap.jpg
 create mode 100644 images/bootstrap2.jpg
 create mode 100644 images/sample-code.jpg
 create mode 100644 images/sample-code2.jpg
 create mode 100644 images/user_guide.jpg
Amys-MBP:Portfolio Pickles$ git push origin master
Warning: Permanently added the RSA host key for IP address '192.30.253.113' to the list of known hosts.
Counting objects: 11, done.
Delta compression using up to 8 threads.
Compressing objects: 100% (11/11), done.
Writing objects: 100% (11/11), 740.47 KiB | 0 bytes/s, done.
Total 11 (delta 2), reused 0 (delta 0)
remote: Resolving deltas: 100% (2/2), completed with 2 local objects.
To github.com:DJTrog/Portfolio.git
   47d5238..4463c77  master -> master
Amys-MBP:Portfolio Pickles$ git status
On branch master
nothing to commit, working tree clean
Amys-MBP:Portfolio Pickles$ git add .
Amys-MBP:Portfolio Pickles$ git commit -m "changes 10/10"
[master 6baf3ac] changes 10/10
 4 files changed, 2426 insertions(+), 44 deletions(-)
 create mode 100644 styles/css/font-awesome.css
 create mode 100644 styles/font-awesome.min.css
Amys-MBP:Portfolio Pickles$ git push origin master
Counting objects: 8, done.
Delta compression using up to 8 threads.
Compressing objects: 100% (7/7), done.
Writing objects: 100% (8/8), 15.59 KiB | 0 bytes/s, done.
Total 8 (delta 2), reused 0 (delta 0)
remote: Resolving deltas: 100% (2/2), completed with 2 local objects.
To github.com:DJTrog/Portfolio.git
   4463c77..6baf3ac  master -> master
Amys-MBP:Portfolio Pickles$ git add .
Amys-MBP:Portfolio Pickles$ git commit -m "changes 10/11"
[master 0e3c3b1] changes 10/11
 10 files changed, 73 insertions(+), 35 deletions(-)
 create mode 100644 images/flare.png
 create mode 100644 images/flare2.png
 create mode 100644 images/hero-pic.jpeg
 create mode 100644 images/hero-pic2.jpg
 create mode 100644 images/html5-2.png
 create mode 100644 images/html5.png
 create mode 100644 images/wordpress.jpg
 create mode 100644 images/wordpress2.jpg
Amys-MBP:Portfolio Pickles$ git push origin master
Counting objects: 14, done.
Delta compression using up to 8 threads.
Compressing objects: 100% (14/14), done.
Writing objects: 100% (14/14), 3.62 MiB | 150.00 KiB/s, done.
Total 14 (delta 3), reused 0 (delta 0)
remote: Resolving deltas: 100% (3/3), completed with 3 local objects.
To github.com:DJTrog/Portfolio.git
   6baf3ac..0e3c3b1  master -> master
Amys-MBP:Portfolio Pickles$ gem install sass
Fetching: rb-fsevent-0.10.2.gem (100%)
ERROR:  While executing gem ... (Gem::FilePermissionError)
    You don't have write permissions for the /Library/Ruby/Gems/2.0.0 directory.
Amys-MBP:Portfolio Pickles$ chmod 755 /Library/Ruby/Gems/2.0.0/
Amys-MBP:Portfolio Pickles$ chmod 755 /Library/Ruby/Gems/
Amys-MBP:Portfolio Pickles$ gem install sass
ERROR:  While executing gem ... (Gem::FilePermissionError)
    You don't have write permissions for the /Library/Ruby/Gems/2.0.0 directory.
Amys-MBP:Portfolio Pickles$ sudo gem install sass

WARNING: Improper use of the sudo command could lead to data loss
or the deletion of important system files. Please double-check your
typing when using sudo. Type "man sudo" for more information.

To proceed, enter your password, or type Ctrl-C to abort.

Password:
Sorry, try again.
Password:
Fetching: rb-fsevent-0.10.2.gem (100%)
Successfully installed rb-fsevent-0.10.2
Fetching: ffi-1.9.18.gem (100%)
Building native extensions.  This could take a while...
Successfully installed ffi-1.9.18
Fetching: rb-inotify-0.9.10.gem (100%)
Successfully installed rb-inotify-0.9.10
Fetching: sass-listen-4.0.0.gem (100%)
Successfully installed sass-listen-4.0.0
Fetching: sass-3.5.2.gem (100%)
Successfully installed sass-3.5.2
Parsing documentation for rb-fsevent-0.10.2
Installing ri documentation for rb-fsevent-0.10.2
Parsing documentation for ffi-1.9.18
Installing ri documentation for ffi-1.9.18
Parsing documentation for rb-inotify-0.9.10
Installing ri documentation for rb-inotify-0.9.10
Parsing documentation for sass-listen-4.0.0
Installing ri documentation for sass-listen-4.0.0
Parsing documentation for sass-3.5.2
Installing ri documentation for sass-3.5.2
5 gems installed
Amys-MBP:Portfolio Pickles$ sass -v
Sass 3.5.2 (Bleeding Edge)
Amys-MBP:Portfolio Pickles$ git add .
Amys-MBP:Portfolio Pickles$ git commit -m "more changes 10/11"
[master e68ab31] more changes 10/11
 4 files changed, 39 insertions(+), 11 deletions(-)
 create mode 100644 portfolio.js
 create mode 100644 styles/style.scss
Amys-MBP:Portfolio Pickles$ git push origin master
Counting objects: 7, done.
Delta compression using up to 8 threads.
Compressing objects: 100% (6/6), done.
Writing objects: 100% (7/7), 1.02 KiB | 0 bytes/s, done.
Total 7 (delta 3), reused 0 (delta 0)
remote: Resolving deltas: 100% (3/3), completed with 3 local objects.
To github.com:DJTrog/Portfolio.git
   0e3c3b1..e68ab31  master -> master
Amys-MBP:Portfolio Pickles$ git add .
Amys-MBP:Portfolio Pickles$ git commit -m "navbar fix"
[master 211973d] navbar fix
 2 files changed, 3 insertions(+), 2 deletions(-)
Amys-MBP:Portfolio Pickles$ git push origin master
Counting objects: 5, done.
Delta compression using up to 8 threads.
Compressing objects: 100% (5/5), done.
Writing objects: 100% (5/5), 460 bytes | 0 bytes/s, done.
Total 5 (delta 4), reused 0 (delta 0)
remote: Resolving deltas: 100% (4/4), completed with 4 local objects.
To github.com:DJTrog/Portfolio.git
   e68ab31..211973d  master -> master
Amys-MBP:Portfolio Pickles$ git status
On branch master
nothing to commit, working tree clean
Amys-MBP:Portfolio Pickles$ git add .
Amys-MBP:Portfolio Pickles$ git commit -m "color scheme and overlay"
[master 5ee725c] color scheme and overlay
 9 files changed, 134 insertions(+), 2413 deletions(-)
 create mode 100644 images/flare2.jpg
 create mode 100644 images/manual.png
 create mode 100644 images/manual2.png
 create mode 100644 jumbo-code
 delete mode 100644 styles/css/font-awesome.css
Amys-MBP:Portfolio Pickles$ git push origin master
ssh: connect to host github.com port 22: Operation timed out
fatal: Could not read from remote repository.

Please make sure you have the correct access rights
and the repository exists.
Amys-MBP:Portfolio Pickles$ git status
On branch master
nothing to commit, working tree clean
Amys-MBP:Portfolio Pickles$ git push origin status
error: src refspec status does not match any.
error: failed to push some refs to 'git@github.com:DJTrog/Portfolio.git'
Amys-MBP:Portfolio Pickles$ git add .
Amys-MBP:Portfolio Pickles$ git commit -m "color scheme and overlay"
On branch master
nothing to commit, working tree clean
Amys-MBP:Portfolio Pickles$ git push origin master
ssh: connect to host github.com port 22: Operation timed out
fatal: Could not read from remote repository.

Please make sure you have the correct access rights
and the repository exists.
Amys-MBP:Portfolio Pickles$ git push origin master
Counting objects: 12, done.
Delta compression using up to 8 threads.
Compressing objects: 100% (12/12), done.
Writing objects: 100% (12/12), 64.37 KiB | 0 bytes/s, done.
Total 12 (delta 5), reused 0 (delta 0)
remote: Resolving deltas: 100% (5/5), completed with 4 local objects.
To github.com:DJTrog/Portfolio.git
   211973d..5ee725c  master -> master
Amys-MBP:Portfolio Pickles$ git add .
Amys-MBP:Portfolio Pickles$ git commit -m "content additions"
[master af782b6] content additions
 6 files changed, 42 insertions(+), 35 deletions(-)
 create mode 100644 .DS_Store
 create mode 100644 images/Adobe.png
 create mode 100644 images/Adobe2.png
 rename styles/{style.scss => styles.scss} (100%)
Amys-MBP:Portfolio Pickles$ git push origin master
Counting objects: 9, done.
Delta compression using up to 8 threads.
Compressing objects: 100% (9/9), done.
Writing objects: 100% (9/9), 26.22 KiB | 0 bytes/s, done.
Total 9 (delta 4), reused 0 (delta 0)
remote: Resolving deltas: 100% (4/4), completed with 3 local objects.
To github.com:DJTrog/Portfolio.git
   5ee725c..af782b6  master -> master
Amys-MBP:Portfolio Pickles$ git add .
Amys-MBP:Portfolio Pickles$ git commit -m "logo and hero fixes"
[master dc67fcd] logo and hero fixes
 2 files changed, 11 insertions(+), 12 deletions(-)
Amys-MBP:Portfolio Pickles$ git push origin master
Counting objects: 5, done.
Delta compression using up to 8 threads.
Compressing objects: 100% (5/5), done.
Writing objects: 100% (5/5), 561 bytes | 0 bytes/s, done.
Total 5 (delta 4), reused 0 (delta 0)
remote: Resolving deltas: 100% (4/4), completed with 4 local objects.
To github.com:DJTrog/Portfolio.git
   af782b6..dc67fcd  master -> master
Amys-MBP:Portfolio Pickles$ git status
On branch master
nothing to commit, working tree clean
Amys-MBP:Portfolio Pickles$ git pull origin master
remote: Counting objects: 11, done.
remote: Compressing objects: 100% (3/3), done.
remote: Total 11 (delta 9), reused 10 (delta 8), pack-reused 0
Unpacking objects: 100% (11/11), done.
From github.com:DJTrog/Portfolio
 * branch            master     -> FETCH_HEAD
   dc67fcd..d9e197c  master     -> origin/master
Updating dc67fcd..d9e197c
Fast-forward
 index.html        | 19 ++++++++++++++-----
 styles/styles.css | 45 ++++++++++++++++++++++++++++++++++++++++++---
 2 files changed, 56 insertions(+), 8 deletions(-)
Amys-MBP:Portfolio Pickles$ atom .git status
Amys-MBP:Portfolio Pickles$ git add .
Amys-MBP:Portfolio Pickles$ get commit -d "latest and greatest"
-bash: get: command not found
Amys-MBP:Portfolio Pickles$ git commit -d "latest and greatest"
error: unknown switch `d'
usage: git commit [<options>] [--] <pathspec>...

    -q, --quiet           suppress summary after successful commit
    -v, --verbose         show diff in commit message template

Commit message options
    -F, --file <file>     read message from file
    --author <author>     override author for commit
    --date <date>         override date for commit
    -m, --message <message>
                          commit message
    -c, --reedit-message <commit>
                          reuse and edit message from specified commit
    -C, --reuse-message <commit>
                          reuse message from specified commit
    --fixup <commit>      use autosquash formatted message to fixup specified commit
    --squash <commit>     use autosquash formatted message to squash specified commit
    --reset-author        the commit is authored by me now (used with -C/-c/--amend)
    -s, --signoff         add Signed-off-by:
    -t, --template <file>
                          use specified template file
    -e, --edit            force edit of commit
    --cleanup <default>   how to strip spaces and #comments from message
    --status              include status in commit message template
    -S, --gpg-sign[=<key-id>]
                          GPG sign commit

Commit contents options
    -a, --all             commit all changed files
    -i, --include         add specified files to index for commit
    --interactive         interactively add files
    -p, --patch           interactively add changes
    -o, --only            commit only specified files
    -n, --no-verify       bypass pre-commit and commit-msg hooks
    --dry-run             show what would be committed
    --short               show status concisely
    --branch              show branch information
    --porcelain           machine-readable output
    --long                show status in long format (default)
    -z, --null            terminate entries with NUL
    --amend               amend previous commit
    --no-post-rewrite     bypass post-rewrite hook
    -u, --untracked-files[=<mode>]
                          show untracked files, optional modes: all, normal, no. (Default: all)

Amys-MBP:Portfolio Pickles$ git push origin master
Everything up-to-date
Amys-MBP:Portfolio Pickles$ /usr/bin/ruby -e "$(curl -fsSL https://raw.githubusercontent.com/Homebrew/install/master/install)"
==> This script will install:
/usr/local/bin/brew
/usr/local/share/doc/homebrew
/usr/local/share/man/man1/brew.1
/usr/local/share/zsh/site-functions/_brew
/usr/local/etc/bash_completion.d/brew
/usr/local/Homebrew
==> The following existing directories will be made group writable:
/usr/local/bin
==> The following existing directories will have their owner set to Pickles:
/usr/local/bin
==> The following existing directories will have their group set to admin:
/usr/local/bin
==> The following new directories will be created:
/usr/local/Cellar
/usr/local/Homebrew
/usr/local/Frameworks
/usr/local/etc
/usr/local/include
/usr/local/lib
/usr/local/opt
/usr/local/sbin
/usr/local/share
/usr/local/share/zsh
/usr/local/share/zsh/site-functions
/usr/local/var

Press RETURN to continue or any other key to abort
==> /usr/bin/sudo /bin/chmod u+rwx /usr/local/bin
Password:
==> /usr/bin/sudo /bin/chmod g+rwx /usr/local/bin
==> /usr/bin/sudo /usr/sbin/chown Pickles /usr/local/bin
==> /usr/bin/sudo /usr/bin/chgrp admin /usr/local/bin
==> /usr/bin/sudo /bin/mkdir -p /usr/local/Cellar /usr/local/Homebrew /usr/local/Frameworks /usr/local/etc /usr/local/include /usr/local/lib /usr/local/opt /usr/local/sbin /usr/local/share /usr/local/share/zsh /usr/local/share/zsh/site-functions /usr/local/var
==> /usr/bin/sudo /bin/chmod g+rwx /usr/local/Cellar /usr/local/Homebrew /usr/local/Frameworks /usr/local/etc /usr/local/include /usr/local/lib /usr/local/opt /usr/local/sbin /usr/local/share /usr/local/share/zsh /usr/local/share/zsh/site-functions /usr/local/var
==> /usr/bin/sudo /bin/chmod 755 /usr/local/share/zsh /usr/local/share/zsh/site-functions
==> /usr/bin/sudo /usr/sbin/chown Pickles /usr/local/Cellar /usr/local/Homebrew /usr/local/Frameworks /usr/local/etc /usr/local/include /usr/local/lib /usr/local/opt /usr/local/sbin /usr/local/share /usr/local/share/zsh /usr/local/share/zsh/site-functions /usr/local/var
==> /usr/bin/sudo /usr/bin/chgrp admin /usr/local/Cellar /usr/local/Homebrew /usr/local/Frameworks /usr/local/etc /usr/local/include /usr/local/lib /usr/local/opt /usr/local/sbin /usr/local/share /usr/local/share/zsh /usr/local/share/zsh/site-functions /usr/local/var
==> /usr/bin/sudo /bin/mkdir -p /Users/Pickles/Library/Caches/Homebrew
==> /usr/bin/sudo /bin/chmod g+rwx /Users/Pickles/Library/Caches/Homebrew
==> /usr/bin/sudo /usr/sbin/chown Pickles /Users/Pickles/Library/Caches/Homebrew
==> /usr/bin/sudo /bin/mkdir -p /Library/Caches/Homebrew
==> /usr/bin/sudo /bin/chmod g+rwx /Library/Caches/Homebrew
==> /usr/bin/sudo /usr/sbin/chown Pickles /Library/Caches/Homebrew
==> Downloading and installing Homebrew...
remote: Counting objects: 92465, done.
remote: Compressing objects: 100% (3/3), done.
remote: Total 92465 (delta 1), reused 1 (delta 0), pack-reused 92462
Receiving objects: 100% (92465/92465), 21.33 MiB | 1.95 MiB/s, done.
Resolving deltas: 100% (67003/67003), done.
From https://github.com/Homebrew/brew
 * [new branch]      master     -> origin/master
 * [new tag]         0.1        -> 0.1
 * [new tag]         0.2        -> 0.2
 * [new tag]         0.3        -> 0.3
 * [new tag]         0.4        -> 0.4
 * [new tag]         0.5        -> 0.5
 * [new tag]         0.6        -> 0.6
 * [new tag]         0.7        -> 0.7
 * [new tag]         0.7.1      -> 0.7.1
 * [new tag]         0.8        -> 0.8
 * [new tag]         0.8.1      -> 0.8.1
 * [new tag]         0.9        -> 0.9
 * [new tag]         0.9.1      -> 0.9.1
 * [new tag]         0.9.2      -> 0.9.2
 * [new tag]         0.9.3      -> 0.9.3
 * [new tag]         0.9.4      -> 0.9.4
 * [new tag]         0.9.5      -> 0.9.5
 * [new tag]         0.9.8      -> 0.9.8
 * [new tag]         0.9.9      -> 0.9.9
 * [new tag]         1.0.0      -> 1.0.0
 * [new tag]         1.0.1      -> 1.0.1
 * [new tag]         1.0.2      -> 1.0.2
 * [new tag]         1.0.3      -> 1.0.3
 * [new tag]         1.0.4      -> 1.0.4
 * [new tag]         1.0.5      -> 1.0.5
 * [new tag]         1.0.6      -> 1.0.6
 * [new tag]         1.0.7      -> 1.0.7
 * [new tag]         1.0.8      -> 1.0.8
 * [new tag]         1.0.9      -> 1.0.9
 * [new tag]         1.1.0      -> 1.1.0
 * [new tag]         1.1.1      -> 1.1.1
 * [new tag]         1.1.10     -> 1.1.10
 * [new tag]         1.1.11     -> 1.1.11
 * [new tag]         1.1.12     -> 1.1.12
 * [new tag]         1.1.13     -> 1.1.13
 * [new tag]         1.1.2      -> 1.1.2
 * [new tag]         1.1.3      -> 1.1.3
 * [new tag]         1.1.4      -> 1.1.4
 * [new tag]         1.1.5      -> 1.1.5
 * [new tag]         1.1.6      -> 1.1.6
 * [new tag]         1.1.7      -> 1.1.7
 * [new tag]         1.1.8      -> 1.1.8
 * [new tag]         1.1.9      -> 1.1.9
 * [new tag]         1.2.0      -> 1.2.0
 * [new tag]         1.2.1      -> 1.2.1
 * [new tag]         1.2.2      -> 1.2.2
 * [new tag]         1.2.3      -> 1.2.3
 * [new tag]         1.2.4      -> 1.2.4
 * [new tag]         1.2.5      -> 1.2.5
 * [new tag]         1.2.6      -> 1.2.6
 * [new tag]         1.3.0      -> 1.3.0
 * [new tag]         1.3.1      -> 1.3.1
 * [new tag]         1.3.2      -> 1.3.2
 * [new tag]         1.3.3      -> 1.3.3
 * [new tag]         1.3.4      -> 1.3.4
 * [new tag]         1.3.5      -> 1.3.5
 * [new tag]         1.3.6      -> 1.3.6
HEAD is now at 15096e7 Merge pull request #3279 from sjackman/pull
==> Downloading https://homebrew.bintray.com/bottles-portable/portable-ruby-2.3.3.leopard_64.bottle.1.tar.gz
######################################################################## 100.0%
==> Pouring portable-ruby-2.3.3.leopard_64.bottle.1.tar.gz
==> Tapping homebrew/core
Cloning into '/usr/local/Homebrew/Library/Taps/homebrew/homebrew-core'...
remote: Counting objects: 4605, done.
remote: Compressing objects: 100% (4386/4386), done.
remote: Total 4605 (delta 35), reused 343 (delta 11), pack-reused 0
Receiving objects: 100% (4605/4605), 3.83 MiB | 3.42 MiB/s, done.
Resolving deltas: 100% (35/35), done.
Tapped 4382 formulae (4,652 files, 11.9MB)
==> Cleaning up /Library/Caches/Homebrew...
==> Migrating /Library/Caches/Homebrew to /Users/Pickles/Library/Caches/Homebrew
==> Deleting /Library/Caches/Homebrew...
Already up-to-date.
==> Installation successful!

==> Homebrew has enabled anonymous aggregate user behaviour analytics.
Read the analytics documentation (and how to opt-out) here:
  https://docs.brew.sh/Analytics.html

==> Next steps:
- Run `brew help` to get started
- Further documentation: 
    https://docs.brew.sh
Amys-MBP:Portfolio Pickles$ node -v
-bash: node: command not found
Amys-MBP:Portfolio Pickles$ npm -v
-bash: npm: command not found
Amys-MBP:Portfolio Pickles$ 
